

*******************************************************************************
Tue Jul 21 16:51:17 2026


FIT:    data read from 'k-5'
        format = z
        #datapoints = 1294
        residuals are weighted equally (unit weight)

function used for fitting: k(x)
	k(t)=a*exp(-b*t)*(1.-cos(c*t))
fitted parameters initialized with current variable values

iter      chisq       delta/lim  lambda   a             b             c            
   0 2.4255424040e-04   0.00e+00  3.90e-03    3.000000e-04   1.500000e+00   1.548419e+02
   4 7.0785589180e-05   0.00e+00  3.90e+05    3.856420e-04  -2.357302e-01   1.552055e+02

After 4 iterations the fit converged.
final sum of squares of residuals : 7.07856e-05
rel. change during last iteration : 0

degrees of freedom    (FIT_NDF)                        : 1291
rms of residuals      (FIT_STDFIT) = sqrt(WSSR/ndf)    : 0.000234158
variance of residuals (reduced chisquare) = WSSR/ndf   : 5.483e-08

Final set of parameters            Asymptotic Standard Error
=======================            ==========================
a               = 0.000385642      +/- 9.972e-06    (2.586%)
b               = -0.23573         +/- 0.04199      (17.81%)
c               = 155.205          +/- 0.03487      (0.02247%)

correlation matrix of the fit parameters:
                a      b      c      
a               1.000 
b               0.882  1.000 
c              -0.006 -0.021  1.000 
