15 constraints, 15 unknowns
Dimensions of constants
  [1]
    ast/interpreter/overload.h:152: 's[] = 0.'
    ast/interpreter/overload.h:152: 't.x.x[] = 0.'
    ast/interpreter/overload.h:152: 't.x.y[] = 0.'
    ast/interpreter/overload.h:152: 't.y.x[] = 0.'
    ast/interpreter/overload.h:152: 't.y.y[] = 0.'
    ast/interpreter/overload.h:152: 'u.x[] = 0.'
    ast/interpreter/overload.h:152: 'u.y[] = 0.'
    /src/common.h:33: 'X0 = 0.'
    /src/common.h:33: 'Y0 = 0.'
    /src/common.h:35: 'L0 = 1. [1]'
