

*******************************************************************************
Tue Jul 21 16:51:17 2026


FIT:    data read from 'k-5'
        format = z
        #datapoints = 1294
        residuals are weighted equally (unit weight)

function used for fitting: k(x)
	k(t)=a*exp(-b*t)*(1.-cos(c*t))
fitted parameters initialized with current variable values

iter      chisq       delta/lim  lambda   a             b             c            
   0 1.6387171017e-04   0.00e+00  3.90e-03    3.000000e-04   1.500000e+00   1.548419e+02
   4 3.9085386245e-05   0.00e+00  3.90e+05    3.548392e-04  -1.913957e-01   1.550448e+02

After 4 iterations the fit converged.
final sum of squares of residuals : 3.90854e-05
rel. change during last iteration : 0

degrees of freedom    (FIT_NDF)                        : 1291
rms of residuals      (FIT_STDFIT) = sqrt(WSSR/ndf)    : 0.000173998
variance of residuals (reduced chisquare) = WSSR/ndf   : 3.02753e-08

Final set of parameters            Asymptotic Standard Error
=======================            ==========================
a               = 0.000354839      +/- 7.498e-06    (2.113%)
b               = -0.191396        +/- 0.03468      (18.12%)
c               = 155.045          +/- 0.02916      (0.01881%)

correlation matrix of the fit parameters:
                a      b      c      
a               1.000 
b               0.879  1.000 
c              -0.003 -0.016  1.000 
