

*******************************************************************************
Tue Jul 21 16:47:29 2026


FIT:    data read from 'k-5'
        format = z
        #datapoints = 1294
        residuals are weighted equally (unit weight)

function used for fitting: k(x)
	k(t)=a*exp(-b*t)*(1.-cos(c*t))
fitted parameters initialized with current variable values

iter      chisq       delta/lim  lambda   a             b             c            
   0 3.7605934751e-06   0.00e+00  3.90e-03    3.000000e-04   1.500000e+00   1.548419e+02
   4 1.7156397303e-07   0.00e+00  3.90e+04    2.905100e-04   8.693544e-01   1.547940e+02

After 4 iterations the fit converged.
final sum of squares of residuals : 1.71564e-07
rel. change during last iteration : 0

degrees of freedom    (FIT_NDF)                        : 1291
rms of residuals      (FIT_STDFIT) = sqrt(WSSR/ndf)    : 1.15279e-05
variance of residuals (reduced chisquare) = WSSR/ndf   : 1.32892e-10

Final set of parameters            Asymptotic Standard Error
=======================            ==========================
a               = 0.00029051       +/- 6.365e-07    (0.2191%)
b               = 0.869354         +/- 0.004847     (0.5575%)
c               = 154.794          +/- 0.005069     (0.003275%)

correlation matrix of the fit parameters:
                a      b      c      
a               1.000 
b               0.802  1.000 
c              -0.002 -0.015  1.000 
