

*******************************************************************************
Tue Jul 21 16:48:05 2026


FIT:    data read from 'k-5'
        format = z
        #datapoints = 1294
        residuals are weighted equally (unit weight)

function used for fitting: k(x)
	k(t)=a*exp(-b*t)*(1.-cos(c*t))
fitted parameters initialized with current variable values

iter      chisq       delta/lim  lambda   a             b             c            
   0 3.4704044274e-04   0.00e+00  3.90e-03    3.000000e-04   1.500000e+00   1.548419e+02
  16 8.7071596079e-05  -8.38e-01  3.90e-19    3.017449e-04  -8.416930e-01   1.553914e+02

After 16 iterations the fit converged.
final sum of squares of residuals : 8.70716e-05
rel. change during last iteration : -8.38392e-06

degrees of freedom    (FIT_NDF)                        : 1291
rms of residuals      (FIT_STDFIT) = sqrt(WSSR/ndf)    : 0.000259702
variance of residuals (reduced chisquare) = WSSR/ndf   : 6.74451e-08

Final set of parameters            Asymptotic Standard Error
=======================            ==========================
a               = 0.000301745      +/- 9.294e-06    (3.08%)
b               = -0.841693        +/- 0.04428      (5.261%)
c               = 155.391          +/- 0.03065      (0.01972%)

correlation matrix of the fit parameters:
                a      b      c      
a               1.000 
b               0.920  1.000 
c              -0.009 -0.025  1.000 
