[0]  /src/grid/multigrid-common.h: 'sum = 0.'
[0]  /src/grid/multigrid-common.h: '1e-30'
[0]  /src/grid/multigrid-common.h: '1e-10'
[0]  /src/fractions.h: '0.'
[0]  /src/fractions.h: '0.'
[0]  /src/fractions.h: '1.'
[0]  /src/fractions.h: 'nn = 0.'
[0]  /src/fractions.h: '0.'
[0]  /src/fractions.h: 'alpha = 0.'
[0]  /src/fractions.h: 'ni = 0.'
[0]  /src/fractions.h: '0.'
[0]  /src/fractions.h: '1.'
[0]  /src/fractions.h: '0'
[0]  /src/fractions.h: '0.5'
[0]  /src/fractions.h: '0.5'
[0]  /src/fractions.h: '0'
[0]  /src/fractions.h: '4'
[0]  /src/fractions.h: 's_z[] = 0.'
[0]  /src/geometry.h: '0.'
[0]  /src/geometry.h: '0.'
[0]  /src/geometry.h: '0.'
[0]  /src/geometry.h: '0.'
[0]  /src/geometry.h: '1.'
[0]  /src/geometry.h: '1e-10'
[0]  /src/geometry.h: '1e-10'
[0]  /src/geometry.h: '0.'
[0]  /src/geometry.h: '0.'
[0]  /src/geometry.h: '0.'
[0]  /src/geometry.h: '1.'
[0]  /src/spherical.h: '180.'
[0]  /src/spherical.h: '360.'
[0]  /src/spherical.h: 'fmv.x[] = 1.'
[0]  /src/utils.h: 'CFL = 0.5 [0]'
[0]  /src/utils.h: 'theta = 1.3 [0]'
[0]  lonlat.c: 'L0 = 150. [0]'
[0]  lonlat.c: '0.2'
[0]  lonlat.c: '1e-12'
[0]  lonlat.c: 'np[i] = 0.'
[0]  lonlat.c: 'xp[i] = 0.'
[0]  lonlat.c: '1.'
[0]  lonlat.c: '0.'
[0]  lonlat.c: '1.'
[1]  ast/interpreter/overload.h: 'zb[] = 0.'
[1]  /src/grid/multigrid-common.h: 'sum = 0.'
[1]  /src/saint-venant.h: 'dry = 1e-10'
[1]  /src/saint-venant.h: '0.'
[1]  /src/saint-venant.h: '0.'
[1]  /src/utils.h: 'max = -1e100'
[1]  /src/utils.h: 'min = 1e100'
[1]  /src/utils.h: '1e30f'
[1]  /src/utils.h: '0.'
[1]  /src/utils.h: '0.'
[1]  lonlat.c: 'Radius = 1. [1]'
[1]  lonlat.c: 'a = 1.8'
[1]  lonlat.c: '0.2'
[1]  lonlat.c: 'yp[i] = 0.'
[1]  lonlat.c: '1e-3'
[0,1]  ast/interpreter/overload.h: '1e30'
[0,1]  ast/interpreter/overload.h: '1e30'
[0,1]  /src/grid/events.h: 'TEND_EVENT = 1234567890'
[0,1]  /src/predictor-corrector.h: 'dt = 0.'
[0,1]  /src/predictor-corrector.h: 't = 0.'
[0,1]  /src/utils.h: 'DT = 1e30f [0,1]'
[0,1]  lonlat.c: '0'
[0,1]  lonlat.c: '0.3'
[0,1]  lonlat.c: '0.9'
[0,1]  lonlat.c: 't = 0.3'
[2]  /src/utils.h: 'volume = 0.'
[2]  /src/utils.h: '0.'
[2]  /src/utils.h: '0.'
[2]  lonlat.c: 'sum = 0.'
[3]  /src/utils.h: 'sum = 0.'
[3]  lonlat.c: 'max = -1e30f'
[3]  lonlat.c: 'min = 1e30f'
[3]  lonlat.c: '1e-12'
[4]  /src/utils.h: 'sum2 = 0.'
[4]  /src/utils.h: '0.'
[1,-1]  /src/riemann.h: '0.'
[1,-1]  /src/riemann.h: '0.'
[1,-1]  /src/riemann.h: '1e-30'
[1,-1]  /src/saint-venant.h: 'uo.x[] = 0.'
[1,-1]  /src/saint-venant.h: 'uo.y[] = 0.'
[1,-1]  /src/saint-venant.h: '0.'
[1,-1]  /src/saint-venant.h: 's[] = 0.'
[1,-1]  /src/utils.h: '0.'
[2,-1]  /src/riemann.h: '*fh = 0.'
[2,-1]  /src/saint-venant.h: '0.'
[2,-1]  /src/saint-venant.h: 'Fh.x[] = 0.'
[2,-1]  /src/saint-venant.h: 'Fh.y[] = 0.'
[1,-2]  /src/saint-venant.h: 'G = 1.'
[3,-2]  /src/riemann.h: '*fq = 0.'
[3,-2]  /src/saint-venant.h: 'Fq.x.y[] = 0.'
[3,-2]  /src/saint-venant.h: 'Fq.y.x[] = 0.'
