[0]  /src/navier-stokes/centered.h: '0'
[0]  /src/navier-stokes/centered.h: '1.'
[0]  /src/navier-stokes/centered.h: '1.'
[0]  /src/bcg.h: '0'
[0]  /src/bcg.h: '1.'
[0]  /src/bcg.h: '1.'
[0]  /src/common.h: 'norm = 0.'
[0]  /src/common.h: 'minpiv = 1e30f'
[0]  /src/common.h: 'big = 0.0'
[0]  /src/common.h: 'm[icol][icol] = 1.0'
[0]  /src/common.h: 'm[ll][icol] = 0.0'
[0]  /src/common.h: '0.'
[0]  /src/curvature.h: '1e30f'
[0]  /src/curvature.h: '1.'
[0]  /src/curvature.h: '0.'
[0]  /src/curvature.h: '1'
[0]  /src/curvature.h: '1'
[0]  /src/curvature.h: '1.'
[0]  /src/curvature.h: 'd2 = 0.'
[0]  /src/curvature.h: '0.5*0.5'
[0]  /src/curvature.h: '1e30f'
[0]  /src/curvature.h: '1e30f'
[0]  /src/curvature.h: '.1'
[0]  /src/curvature.h: '1.'
[0]  /src/curvature.h: '2.'
[0]  /src/curvature.h: '0.'
[0]  /src/curvature.h: '1.'
[0]  /src/curvature.h: '2.'
[0]  /src/curvature.h: '1.'
[0]  /src/curvature.h: '0.'
[0]  /src/curvature.h: '0.'
[0]  /src/curvature.h: '1.'
[0]  /src/curvature.h: 'a = 0.'
[0]  /src/curvature.h: '0.'
[0]  /src/fractions.h: '1.'
[0]  /src/fractions.h: 'nn = 0.'
[0]  /src/fractions.h: '0.'
[0]  /src/fractions.h: 'alpha = 0.'
[0]  /src/fractions.h: 'ni = 0.'
[0]  /src/fractions.h: '0.'
[0]  /src/fractions.h: '1.'
[0]  /src/fractions.h: '0.5'
[0]  /src/fractions.h: '0.5'
[0]  /src/fractions.h: '0'
[0]  /src/fractions.h: '4'
[0]  /src/fractions.h: 's_z[] = 0.'
[0]  /src/fractions.h: '0.'
[0]  /src/fractions.h: '1.'
[0]  /src/fractions.h: 'alpha[] = 0.'
[0]  /src/fractions.h: 'n.x[] = 0.'
[0]  /src/fractions.h: 'n.y[] = 0.'
[0]  /src/fractions.h: '1. - 1e-6'
[0]  /src/fractions.h: '1e-6'
[0]  /src/geometry.h: '0.'
[0]  /src/geometry.h: '1.'
[0]  /src/geometry.h: '1.'
[0]  /src/geometry.h: '1.'
[0]  /src/geometry.h: '0.'
[0]  /src/geometry.h: '0.'
[0]  /src/geometry.h: '0.'
[0]  /src/geometry.h: '0.'
[0]  /src/geometry.h: '0.'
[0]  /src/geometry.h: '0.'
[0]  /src/geometry.h: '1.'
[0]  /src/geometry.h: '1e-10'
[0]  /src/geometry.h: '1e-10'
[0]  /src/geometry.h: '0.'
[0]  /src/geometry.h: '0.'
[0]  /src/geometry.h: '0.'
[0]  /src/geometry.h: '1.'
[0]  /src/geometry.h: '0.5'
[0]  /src/geometry.h: '1.'
[0]  /src/geometry.h: 's = -0.5'
[0]  /src/geometry.h: '1e-4'
[0]  /src/geometry.h: '0.5'
[0]  /src/geometry.h: '0.'
[0]  /src/geometry.h: 'p->z = 0.'
[0]  /src/geometry.h: '0.'
[0]  /src/geometry.h: '0.'
[0]  /src/geometry.h: '1e-4'
[0]  /src/geometry.h: 'p->x = 0.'
[0]  /src/geometry.h: 'p->y = 0.'
[0]  /src/geometry.h: '0.'
[0]  /src/geometry.h: '0.5'
[0]  /src/geometry.h: '1.'
[0]  /src/geometry.h: '1.'
[0]  /src/geometry.h: '1.'
[0]  /src/geometry.h: '1.'
[0]  /src/geometry.h: '1.'
[0]  /src/geometry.h: '0.'
[0]  /src/geometry.h: '1.'
[0]  /src/geometry.h: '0.'
[0]  /src/geometry.h: '1.'
[0]  /src/geometry.h: '0.5'
[0]  /src/heights.h: '-20./2.'
[0]  /src/heights.h: '20.'
[0]  /src/heights.h: '20./2.'
[0]  /src/heights.h: '20./2.'
[0]  /src/heights.h: '300.'
[0]  /src/heights.h: 'state.h = 1e30f'
[0]  /src/heights.h: '20./2.'
[0]  /src/heights.h: '0.'
[0]  /src/heights.h: '1.'
[0]  /src/heights.h: '0.'
[0]  /src/heights.h: '1.'
[0]  /src/heights.h: '0.'
[0]  /src/heights.h: '1.'
[0]  /src/heights.h: '0.5'
[0]  /src/heights.h: '0.'
[0]  /src/heights.h: '1.'
[0]  /src/heights.h: '0.5'
[0]  /src/heights.h: '0.'
[0]  /src/heights.h: '1.'
[0]  /src/heights.h: '0.'
[0]  /src/heights.h: '1.'
[0]  /src/heights.h: 'h.x[] = 300.'
[0]  /src/heights.h: 'h.y[] = 300.'
[0]  /src/heights.h: '1.'
[0]  /src/heights.h: 'h.x[] = 1e30f'
[0]  /src/heights.h: 'h.y[] = 1e30f'
[0]  /src/heights.h: '1e10'
[0]  /src/heights.h: '1e30f'
[0]  /src/heights.h: '3.5'
[0]  /src/iforce.h: '0.'
[0]  /src/iforce.h: '1.'
[0]  /src/myc2d.h: '0.'
[0]  /src/myc2d.h: '1.'
[0]  /src/myc2d.h: '0.'
[0]  /src/myc2d.h: '1.'
[0]  /src/myc2d.h: '1e-30'
[0]  /src/myc2d.h: '1e-30'
[0]  /src/parabola.h: 'p->M[i][j] = 0.'
[0]  /src/parabola.h: 'p->rhs[i] = 0.'
[0]  /src/parabola.h: '1e-10'
[0]  /src/parabola.h: 'p->a[1] = 0.'
[0]  /src/parabola.h: '1.[0]'
[0]  /src/parabola.h: '0.'
[0]  /src/parabola.h: '1.'
[0]  /src/poisson.h: '1.2'
[0]  /src/poisson.h: '10'
[0]  /src/tension.h: 'amax = -1e30f'
[0]  /src/tension.h: 'amin = 1e30f'
[0]  /src/two-phase-generic.h: '0.'
[0]  /src/two-phase-generic.h: '1.'
[0]  /src/two-phase-generic.h: '0.'
[0]  /src/two-phase-generic.h: '1.'
[0]  /src/two-phase-generic.h: '0.'
[0]  /src/two-phase-generic.h: '1.'
[0]  /src/viscosity.h: '1.'
[0]  /src/viscosity.h: '1.'
[0]  /src/vof.h: '0.5'
[0]  /src/vof.h: 'CFL = 0.5'
[0]  /src/vof.h: 'cfl = 0.'
[0]  /src/vof.h: '0'
[0]  /src/vof.h: '1.'
[0]  /src/vof.h: '0.'
[0]  /src/vof.h: '1.'
[0]  /src/vof.h: '0.5'
[0]  /src/vof.h: '0.5'
[0]  /src/vof.h: '0.5 + 1e-6'
[0]  /src/vof.h: '0.5'
[0]  /src/vof.h: '0.5'
[0]  rising-axi.c: 'rho1 = 1000.[0]'
[0]  rising-axi.c: 'rho2 = 100.'
[0]  rising-axi.c: '1.'
[1]  /src/grid/multigrid-common.h: 'sum = 0.'
[1]  /src/navier-stokes/centered.h: '0.'
[1]  /src/axi.h: '1./1e30f'
[1]  /src/common.h: 'X0 = 0.'
[1]  /src/common.h: 'Y0 = 0.'
[1]  /src/iforce.h: '0.'
[1]  /src/iforce.h: '0.'
[1]  /src/tension.h: 'dmin = 1e30f'
[1]  /src/tension.h: '0.'
[1]  /src/vof.h: '0.'
[1]  /src/vof.h: '0.'
[1]  rising-axi.c: '2 [1]'
[1]  rising-axi.c: '0.5'
[-1]  /src/curvature.h: '1e30f'
[-1]  /src/curvature.h: '1e30f'
[-1]  /src/curvature.h: '1e30f'
[-1]  /src/curvature.h: '1e30f'
[-1]  /src/curvature.h: '0'
[-1]  /src/curvature.h: '1e30f'
[-1]  /src/curvature.h: 'k[] = 1e30f'
[-1]  /src/curvature.h: '1e30f'
[-1]  /src/curvature.h: '1e30f'
[-1]  /src/curvature.h: '1e30f'
[-1]  /src/curvature.h: 'sk = 0.'
[-1]  /src/curvature.h: '1e30f'
[-1]  /src/curvature.h: 'kf = 1e30f'
[-1]  /src/curvature.h: '1e30f'
[-1]  /src/poisson.h: '0.'
[0,1]  ast/interpreter/overload.h: '1e30'
[0,1]  ast/interpreter/overload.h: '1e30'
[0,1]  /src/grid/events.h: 'TEND_EVENT = 1234567890'
[0,1]  /src/run.h: 't = 0.'
[0,1]  /src/run.h: '0'
[0,1]  /src/timestep.h: 'previous = 0.'
[0,1]  /src/timestep.h: '0.'
[0,1]  /src/timestep.h: 'previous = 0.'
[0,1]  rising-axi.c: 'DT = 1. [0,1]'
[0,1]  rising-axi.c: '0'
[0,1]  rising-axi.c: 't = 0'
[0,1]  rising-axi.c: '0'
[0,1]  rising-axi.c: 't = 3.'
[2]  /src/bcg.h: '0.'
[2]  /src/fractions.h: '0.'
[2]  /src/fractions.h: '0'
[2]  /src/vof.h: '0.'
[2]  rising-axi.c: '0.25*0.25'
[3]  rising-axi.c: 'sb = 0.'
[3]  rising-axi.c: 'sb0 = 0.'
[4]  /src/fractions.h: '0.'
[4]  rising-axi.c: 'xb = 0.'
[1,-1]  ast/interpreter/overload.h: 'u.x[] = 0.'
[1,-1]  ast/interpreter/overload.h: 'u.y[] = 0.'
[1,-1]  /src/grid/multigrid-common.h: 'sum = 0.'
[1,-1]  /src/navier-stokes/centered.h: '0.'
[1,-1]  /src/bcg.h: '0.'
[1,-1]  /src/poisson.h: 's[] = 0.'
[1,-1]  /src/poisson.h: 'sum = 0.'
[1,-1]  /src/viscosity.h: 'maxres = 0.'
[1,-1]  rising-axi.c: '0'
[1,-1]  rising-axi.c: '0'
[2,-1]  /src/navier-stokes/centered.h: '0.'
[2,-1]  /src/navier-stokes/centered.h: '0'
[2,-1]  /src/poisson.h: 'div[] = 0.'
[2,-1]  /src/timestep.h: '0.'
[2,-1]  rising-axi.c: 'mu1 = 10.'
[2,-1]  rising-axi.c: 'mu2 = 1.'
[1,-2]  ast/interpreter/overload.h: 'g.x[] = 0.'
[1,-2]  ast/interpreter/overload.h: 'g.y[] = 0.'
[1,-2]  /src/grid/multigrid-common.h: 'sum = 0.'
[1,-2]  /src/navier-stokes/centered.h: 'af.x[] = 0.'
[1,-2]  /src/navier-stokes/centered.h: 'af.y[] = 0.'
[1,-2]  /src/iforce.h: 'a.x[] = 0.'
[1,-2]  /src/iforce.h: 'a.y[] = 0.'
[1,-2]  /src/poisson.h: 'sum = 0.'
[1,-2]  /src/poisson.h: 'maxres = 0.'
[1,-2]  rising-axi.c: '0.98'
[2,-2]  ast/interpreter/overload.h: 'p[] = 0.'
[2,-2]  ast/interpreter/overload.h: 'pf[] = 0.'
[2,-2]  /src/curvature.h: 'kappa[] = 1e30f'
[2,-2]  /src/iforce.h: '1e30f'
[2,-2]  /src/iforce.h: '1e30f'
[2,-2]  /src/iforce.h: '1e30f'
[2,-2]  /src/iforce.h: '0.'
[2,-2]  /src/poisson.h: 's[] = 0.'
[4,-1]  rising-axi.c: 'vb = 0.'
[3,-2]  /src/tension.h: 'sigma = 0.'
[3,-2]  rising-axi.c: 'f.sigma = 24.5'
