[0]  /src/common.h: '1.[0]'
[0]  /src/common.h: '1.[0]'
[0]  /src/utils.h: 'CFL = 0.5 [0]'
[0]  /src/utils.h: 'theta = 1.3 [0]'
[1]  ast/interpreter/overload.h: 'zb[] = 0.'
[1]  /src/saint-venant.h: 'dry = 1e-10'
[1]  /src/saint-venant.h: '0.'
[1]  /src/saint-venant.h: '0.'
[1]  /src/utils.h: 'max = -1e100'
[1]  /src/utils.h: 'min = 1e100'
[1]  /src/utils.h: '1e30f'
[1]  /src/utils.h: '0.'
[1]  /src/utils.h: '0.'
[1]  shock.c: '5. [1]'
[1]  shock.c: '3.505271526'
[1]  shock.c: '3.505271526'
[1]  shock.c: '0.5'
[1]  shock.c: '1'
[1]  shock.c: '1.'
[1]  shock.c: '3.505271526'
[1]  shock.c: '1'
[1]  shock.c: '1e-2'
[0,1]  ast/interpreter/overload.h: '1e30'
[0,1]  ast/interpreter/overload.h: '1e30'
[0,1]  /src/grid/events.h: 'TEND_EVENT = 1234567890'
[0,1]  /src/grid/events.h: 'ev->t = 0'
[0,1]  /src/predictor-corrector.h: 'dt = 0.'
[0,1]  /src/predictor-corrector.h: 't = 0.'
[0,1]  /src/utils.h: 'DT = 1e30f [0,1]'
[0,1]  shock.c: '0'
[0,1]  shock.c: '0.0025'
[0,1]  shock.c: '0.3'
[2]  /src/utils.h: 'volume = 0.'
[2]  /src/utils.h: '0.'
[2]  /src/utils.h: '0.'
[2]  shock.c: '0.5*0.5'
[3]  /src/utils.h: 'sum = 0.'
[4]  /src/utils.h: 'sum2 = 0.'
[4]  /src/utils.h: '0.'
[1,-1]  /src/riemann.h: '0.'
[1,-1]  /src/riemann.h: '0.'
[1,-1]  /src/riemann.h: '1e-30'
[1,-1]  /src/saint-venant.h: 'uo.x[] = 0.'
[1,-1]  /src/saint-venant.h: 'uo.y[] = 0.'
[1,-1]  /src/saint-venant.h: '0.'
[1,-1]  /src/saint-venant.h: 's[] = 0.'
[1,-1]  /src/utils.h: '0.'
[1,-1]  shock.c: '6.29033769408481'
[1,-1]  shock.c: '0.'
[1,-1]  shock.c: '6.29033769408481'
[2,-1]  /src/riemann.h: '*fh = 0.'
[2,-1]  /src/saint-venant.h: '0.'
[2,-1]  /src/saint-venant.h: 'Fh.x[] = 0.'
[2,-1]  /src/saint-venant.h: 'Fh.y[] = 0.'
[1,-2]  shock.c: 'G = 9.81'
[3,-2]  /src/riemann.h: '*fq = 0.'
[3,-2]  /src/saint-venant.h: 'Fq.x.y[] = 0.'
[3,-2]  /src/saint-venant.h: 'Fq.y.x[] = 0.'
