[0]  /src/grid/multigrid-common.h: 'sum = 0.'
[0]  /src/grid/multigrid-common.h: 'size[] = 1'
[0]  /src/navier-stokes/centered.h: '1e-30'
[0]  /src/navier-stokes/centered.h: '1e-30'
[0]  /src/navier-stokes/centered.h: '1e-30'
[0]  /src/navier-stokes/centered.h: '1e-30'
[0]  /src/navier-stokes/centered.h: 'CFL = 0.8'
[0]  /src/navier-stokes/centered.h: '1.5'
[0]  /src/navier-stokes/centered.h: '3.'
[0]  /src/navier-stokes/centered.h: '0'
[0]  /src/navier-stokes/centered.h: '1.'
[0]  /src/navier-stokes/centered.h: '1.'
[0]  /src/navier-stokes/centered.h: '1.5'
[0]  /src/navier-stokes/centered.h: '3.'
[0]  /src/navier-stokes/centered.h: '1e-30'
[0]  /src/navier-stokes/double-projection.h: '1.5'
[0]  /src/navier-stokes/double-projection.h: '3.'
[0]  /src/navier-stokes/double-projection.h: '1.5'
[0]  /src/navier-stokes/double-projection.h: '3.'
[0]  /src/bcg.h: '0'
[0]  /src/bcg.h: '1.'
[0]  /src/bcg.h: '1.'
[0]  /src/common.h: 'norm = 0.'
[0]  /src/common.h: '1.[0]'
[0]  /src/common.h: '1.[0]'
[0]  /src/draw.h: '1.'
[0]  /src/draw.h: '1.'
[0]  /src/draw.h: '1.'
[0]  /src/draw.h: '1.'
[0]  /src/draw.h: 'max = - 1e30f'
[0]  /src/draw.h: 'min = 1e30f'
[0]  /src/draw.h: '1.'
[0]  /src/draw.h: '0.5'
[0]  /src/draw.h: 'cmin = 1e-3'
[0]  /src/draw.h: '0.'
[0]  /src/draw.h: '0.'
[0]  /src/draw.h: '1.'
[0]  /src/draw.h: '1.'
[0]  /src/draw.h: '0.'
[0]  /src/draw.h: '0.'
[0]  /src/draw.h: 'v[nv++].y = 0.'
[0]  /src/draw.h: 'v[nv].x = 0.'
[0]  /src/draw.h: 'v[nv++].y = 1.'
[0]  /src/draw.h: 'v[nv].x = 1.'
[0]  /src/draw.h: 'v[nv++].y = 1.'
[0]  /src/draw.h: 'v[nv].x = 0.'
[0]  /src/draw.h: '0.5'
[0]  /src/draw.h: '0.5'
[0]  /src/embed-tree.h: '0.'
[0]  /src/embed-tree.h: '1.'
[0]  /src/embed-tree.h: '0.'
[0]  /src/embed-tree.h: '0.'
[0]  /src/embed-tree.h: '1.'
[0]  /src/embed-tree.h: '0.'
[0]  /src/embed-tree.h: '1.'
[0]  /src/embed-tree.h: '0.'
[0]  /src/embed-tree.h: '0.'
[0]  /src/embed-tree.h: '1.'
[0]  /src/embed-tree.h: '0.'
[0]  /src/embed-tree.h: '1.'
[0]  /src/embed-tree.h: '0.'
[0]  /src/embed-tree.h: '0.5'
[0]  /src/embed-tree.h: '1'
[0]  /src/embed-tree.h: '1.'
[0]  /src/embed-tree.h: '1.'
[0]  /src/embed-tree.h: 'nv = 0.'
[0]  /src/embed-tree.h: '0.'
[0]  /src/embed-tree.h: '0.'
[0]  /src/embed-tree.h: '1.'
[0]  /src/embed-tree.h: '1.'
[0]  /src/embed.h: 'area = 0.'
[0]  /src/embed.h: '0.'
[0]  /src/embed.h: '1.'
[0]  /src/embed.h: '0'
[0]  /src/embed.h: '1.'
[0]  /src/embed.h: '1.'
[0]  /src/embed.h: '0'
[0]  /src/embed.h: '0.'
[0]  /src/embed.h: 's.x[] = 0.'
[0]  /src/embed.h: 's.y[] = 0.'
[0]  /src/embed.h: '0.'
[0]  /src/embed.h: '1.'
[0]  /src/embed.h: '0.'
[0]  /src/embed.h: 'c[] = 0.'
[0]  /src/embed.h: '0.'
[0]  /src/embed.h: '0'
[0]  /src/embed.h: '0.5'
[0]  /src/embed.h: '1.'
[0]  /src/embed.h: '1e-3'
[0]  /src/embed.h: '0.'
[0]  /src/embed.h: '1.'
[0]  /src/embed.h: 'fa = 0.'
[0]  /src/embed.h: '1.'
[0]  /src/embed.h: '0.'
[0]  /src/embed.h: '1.'
[0]  /src/embed.h: 'fa = 0.'
[0]  /src/embed.h: '1e-30'
[0]  /src/embed.h: '1e-30'
[0]  /src/embed.h: '0.'
[0]  /src/embed.h: '1.'
[0]  /src/embed.h: 'scs = 0.'
[0]  /src/embed.h: '1.'
[0]  /src/embed.h: 'fs.x[] = 1.'
[0]  /src/embed.h: 'fs.y[] = 1.'
[0]  /src/embed.h: '1.'
[0]  /src/embed.h: 'cs[] = 1.'
[0]  /src/fractions.h: '0.'
[0]  /src/fractions.h: '1.'
[0]  /src/fractions.h: '.5'
[0]  /src/fractions.h: '0.'
[0]  /src/fractions.h: '1.'
[0]  /src/fractions.h: 'nn = 0.'
[0]  /src/fractions.h: '0.'
[0]  /src/fractions.h: 'alpha = 0.'
[0]  /src/fractions.h: 'ni = 0.'
[0]  /src/fractions.h: '0.'
[0]  /src/fractions.h: '1.'
[0]  /src/fractions.h: '0.5'
[0]  /src/fractions.h: '0.5'
[0]  /src/fractions.h: '0'
[0]  /src/fractions.h: '4'
[0]  /src/fractions.h: 's_z[] = 0.'
[0]  /src/fractions.h: 'nn = 0.'
[0]  /src/fractions.h: '0.'
[0]  /src/fractions.h: 'n.x = 1./2'
[0]  /src/fractions.h: 'n.y = 1./2'
[0]  /src/geometry.h: '0.'
[0]  /src/geometry.h: '1.'
[0]  /src/geometry.h: '1.'
[0]  /src/geometry.h: '1.'
[0]  /src/geometry.h: '0.'
[0]  /src/geometry.h: '0.'
[0]  /src/geometry.h: '0.'
[0]  /src/geometry.h: '0.'
[0]  /src/geometry.h: '0.'
[0]  /src/geometry.h: '0.'
[0]  /src/geometry.h: '1.'
[0]  /src/geometry.h: '1e-10'
[0]  /src/geometry.h: '1e-10'
[0]  /src/geometry.h: '0.'
[0]  /src/geometry.h: '0.'
[0]  /src/geometry.h: '0.'
[0]  /src/geometry.h: '1.'
[0]  /src/geometry.h: '0.5'
[0]  /src/geometry.h: '1.'
[0]  /src/geometry.h: 's = -0.5'
[0]  /src/geometry.h: '1e-4'
[0]  /src/geometry.h: '0.5'
[0]  /src/geometry.h: '0.'
[0]  /src/geometry.h: 'p->z = 0.'
[0]  /src/geometry.h: '0.'
[0]  /src/geometry.h: '0.'
[0]  /src/geometry.h: '1e-4'
[0]  /src/geometry.h: 'p->x = 0.'
[0]  /src/geometry.h: 'p->y = 0.'
[0]  /src/geometry.h: '0.'
[0]  /src/geometry.h: '0.5'
[0]  /src/geometry.h: '1.'
[0]  /src/geometry.h: '1.'
[0]  /src/geometry.h: '1.'
[0]  /src/geometry.h: '1.'
[0]  /src/geometry.h: '1.'
[0]  /src/geometry.h: '0.'
[0]  /src/geometry.h: '1.'
[0]  /src/geometry.h: '0.'
[0]  /src/geometry.h: '1.'
[0]  /src/geometry.h: '0.5'
[0]  /src/myc2d.h: '0.'
[0]  /src/myc2d.h: '1.'
[0]  /src/myc2d.h: '0.'
[0]  /src/myc2d.h: '1.'
[0]  /src/myc2d.h: '1e-30'
[0]  /src/myc2d.h: '1e-30'
[0]  /src/output.h: '1.'
[0]  /src/poisson.h: '1.2'
[0]  /src/poisson.h: '10'
[0]  /src/utils.h: '1e-30'
[0]  /src/viscosity-embed.h: '0.'
[0]  /src/viscosity-embed.h: '0.'
[0]  starting.c: 'Re = 1000'
[0]  starting.c: '0.'
[0]  starting.c: '1.'
[0]  starting.c: '9500'
[0]  starting.c: '0.'
[0]  starting.c: '1.'
[0]  starting.c: '1e-2'
[1]  /src/grid/variables.h: 'z = 0.'
[1]  /src/bcg.h: '1e-30'
[1]  /src/common.h: '0.'
[1]  /src/embed-tree.h: '0.'
[1]  starting.c: 'D = 1.'
[1]  starting.c: '18 [1]'
[1]  starting.c: '1.'
[-1]  /src/embed.h: '*coef = 0.'
[-1]  /src/embed.h: 'coef = 0.'
[0,1]  ast/interpreter/overload.h: '1e30'
[0,1]  ast/interpreter/overload.h: '1e30'
[0,1]  ast/interpreter/overload.h: '0'
[0,1]  /src/grid/events.h: 'TEND_EVENT = 1234567890'
[0,1]  /src/run.h: 't = 0.'
[0,1]  /src/run.h: '0'
[0,1]  /src/timestep.h: 'previous = 0.'
[0,1]  /src/timestep.h: '0.'
[0,1]  /src/timestep.h: 'previous = 0.'
[0,1]  /src/utils.h: 'DT = 1e30f [0,1]'
[0,1]  starting.c: '0'
[0,1]  starting.c: 't = 0'
[0,1]  starting.c: '0'
[0,1]  starting.c: '1.'
[0,1]  starting.c: '3.'
[0,1]  starting.c: 't = 1.'
[0,1]  starting.c: '1.'
[0,1]  starting.c: '3.'
[0,1]  starting.c: '3.'
[0,1]  starting.c: '0.5'
[0,1]  starting.c: '0.9'
[0,1]  starting.c: '1.5'
[0,1]  starting.c: '1e30'
[0,1]  starting.c: '2.5'
[0,-1]  /src/navier-stokes/centered.h: 'du.x[] = 0.'
[0,-1]  /src/navier-stokes/centered.h: 'du.y[] = 0.'
[0,-1]  /src/embed.h: '1e30f'
[0,-1]  /src/embed.h: '1e30f'
[0,-1]  /src/embed.h: 'dudn.x = 0.'
[0,-1]  /src/embed.h: 'dudn.y = 0.'
[0,-1]  /src/embed.h: '0.'
[0,-1]  /src/utils.h: 'v.x[] = 0.'
[0,-1]  /src/utils.h: 'v.y[] = 0.'
[0,-1]  starting.c: '0'
[2]  /src/fractions.h: '0.'
[2]  /src/fractions.h: '0'
[2]  /src/viscosity-embed.h: '1e-30'
[-2]  /src/poisson.h: '0.'
[0,-2]  /src/grid/multigrid-common.h: 'sum = 0.'
[0,-2]  /src/poisson.h: 'sum = 0.'
[0,-2]  /src/poisson.h: 'b[] = 0.'
[0,-2]  /src/poisson.h: 'maxres = 0.'
[4]  /src/fractions.h: '0.'
[1,-1]  ast/interpreter/overload.h: 'u.x[] = 0.'
[1,-1]  ast/interpreter/overload.h: 'u.y[] = 0.'
[1,-1]  /src/grid/multigrid-common.h: 'sum = 0.'
[1,-1]  /src/navier-stokes/centered.h: '0.'
[1,-1]  /src/navier-stokes/centered.h: 'uf.x[] = 0.'
[1,-1]  /src/navier-stokes/centered.h: 'uf.y[] = 0.'
[1,-1]  /src/bcg.h: '0.'
[1,-1]  /src/embed-tree.h: 's[] = 0.'
[1,-1]  /src/embed-tree.h: 'val = 0.'
[1,-1]  /src/embed-tree.h: 's[] = 0.'
[1,-1]  /src/embed.h: '1e30f'
[1,-1]  /src/embed.h: '1e30f'
[1,-1]  /src/embed.h: '1e30f'
[1,-1]  /src/embed.h: 'e[] = 0.'
[1,-1]  /src/embed.h: 'e[] = 0.'
[1,-1]  /src/embed.h: 'umax = 0.'
[1,-1]  /src/embed.h: '1e-30'
[1,-1]  /src/embed.h: 'e[] = 0.'
[1,-1]  /src/embed.h: 'se = 0.'
[1,-1]  /src/poisson.h: 's[] = 0.'
[1,-1]  /src/poisson.h: 'sum = 0.'
[1,-1]  /src/poisson.h: 'div[] = 0.'
[1,-1]  /src/timestep.h: '0.'
[1,-1]  /src/viscosity-embed.h: 'maxres = 0.'
[1,-1]  starting.c: 'cmax = 3e-3'
[1,-1]  starting.c: 'u0 = 1.'
[1,-1]  starting.c: '0'
[1,-1]  starting.c: '2.*0'
[1,-1]  starting.c: '0'
[1,-1]  starting.c: '2.*0'
[2,-1]  /src/embed.h: 'mua = 0.'
[2,-1]  /src/embed.h: 'mua = 0.'
[2,-1]  /src/viscosity-embed.h: 'avgmu = 0.'
[1,-2]  ast/interpreter/overload.h: 'g.x[] = 0.'
[1,-2]  ast/interpreter/overload.h: 'g.y[] = 0.'
[1,-2]  /src/common.h: '0.'
[1,-2]  /src/embed-tree.h: 's[] = 0.'
[1,-2]  /src/embed-tree.h: 'val = 0.'
[1,-2]  /src/embed-tree.h: 's[] = 0.'
[2,-2]  ast/interpreter/overload.h: 'dp[] = 0.'
[2,-2]  ast/interpreter/overload.h: 'p[] = 0.'
[2,-2]  ast/interpreter/overload.h: 'pf[] = 0.'
[2,-2]  /src/grid/multigrid-common.h: 'sum = 0.'
[2,-2]  /src/embed-tree.h: 's[] = 0.'
[2,-2]  /src/embed-tree.h: 'val = 0.'
[2,-2]  /src/embed-tree.h: 's[] = 0.'
[2,-2]  /src/embed.h: 'F = 0.'
[2,-2]  /src/poisson.h: 's[] = 0.'
[2,-2]  /src/poisson.h: 'c[] = 0.'
[2,-2]  /src/viscosity-embed.h: 'a = 0.'
[2,-2]  starting.c: '2.*0'
[2,-2]  starting.c: '2.*0'
[3,-2]  /src/embed.h: '0'
[3,-2]  /src/viscosity-embed.h: 'a = 0.'
