[0]  ast/interpreter/overload.h: 'f[] = 0.'
[0]  /src/grid/multigrid-common.h: 'sum = 0.'
[0]  /src/navier-stokes/centered.h: 'CFL = 0.8'
[0]  /src/navier-stokes/centered.h: '0.'
[0]  /src/navier-stokes/conserving.h: '0.'
[0]  /src/navier-stokes/conserving.h: '1.'
[0]  /src/navier-stokes/conserving.h: '0.'
[0]  /src/navier-stokes/conserving.h: '1.'
[0]  /src/navier-stokes/conserving.h: '0.'
[0]  /src/navier-stokes/conserving.h: '1.'
[0]  /src/navier-stokes/conserving.h: '0.'
[0]  /src/navier-stokes/conserving.h: '1.'
[0]  /src/navier-stokes/conserving.h: '0.'
[0]  /src/navier-stokes/conserving.h: '1.'
[0]  /src/navier-stokes/conserving.h: '0.'
[0]  /src/navier-stokes/conserving.h: '1.'
[0]  /src/navier-stokes/conserving.h: '0'
[0]  /src/navier-stokes/conserving.h: '1'
[0]  /src/navier-stokes/conserving.h: '1.'
[0]  /src/navier-stokes/conserving.h: '0.'
[0]  /src/navier-stokes/conserving.h: '1.'
[0]  /src/common.h: '1.[0]'
[0]  /src/common.h: '1.[0]'
[0]  /src/curvature.h: '1.'
[0]  /src/curvature.h: '0.'
[0]  /src/curvature.h: '0.'
[0]  /src/curvature.h: '1.'
[0]  /src/curvature.h: '1.'
[0]  /src/fractions.h: '0.'
[0]  /src/fractions.h: '1.'
[0]  /src/fractions.h: '.5'
[0]  /src/fractions.h: '0.'
[0]  /src/fractions.h: '1.'
[0]  /src/fractions.h: 'nn = 0.'
[0]  /src/fractions.h: '0.'
[0]  /src/fractions.h: 'alpha = 0.'
[0]  /src/fractions.h: 'ni = 0.'
[0]  /src/fractions.h: '0.'
[0]  /src/fractions.h: '1.'
[0]  /src/fractions.h: '0.5'
[0]  /src/fractions.h: '0.5'
[0]  /src/fractions.h: '0'
[0]  /src/fractions.h: '4'
[0]  /src/fractions.h: 's_z[] = 0.'
[0]  /src/fractions.h: '0.'
[0]  /src/fractions.h: '1.'
[0]  /src/fractions.h: 'alpha[] = 0.'
[0]  /src/fractions.h: 'n.x[] = 0.'
[0]  /src/fractions.h: 'n.y[] = 0.'
[0]  /src/fractions.h: '1. - 1e-6'
[0]  /src/fractions.h: '1e-6'
[0]  /src/geometry.h: '0.'
[0]  /src/geometry.h: '1.'
[0]  /src/geometry.h: '1.'
[0]  /src/geometry.h: '1.'
[0]  /src/geometry.h: '0.'
[0]  /src/geometry.h: '0.'
[0]  /src/geometry.h: '0.'
[0]  /src/geometry.h: '0.'
[0]  /src/geometry.h: '0.'
[0]  /src/geometry.h: '0.'
[0]  /src/geometry.h: '1.'
[0]  /src/geometry.h: '1e-10'
[0]  /src/geometry.h: '1e-10'
[0]  /src/geometry.h: '0.'
[0]  /src/geometry.h: '0.'
[0]  /src/geometry.h: '0.'
[0]  /src/geometry.h: '1.'
[0]  /src/geometry.h: '0.5'
[0]  /src/geometry.h: '1.'
[0]  /src/geometry.h: 's = -0.5'
[0]  /src/geometry.h: '1e-4'
[0]  /src/geometry.h: '0.5'
[0]  /src/geometry.h: '0.'
[0]  /src/geometry.h: 'p->z = 0.'
[0]  /src/geometry.h: '0.'
[0]  /src/geometry.h: '0.'
[0]  /src/geometry.h: '1e-4'
[0]  /src/geometry.h: 'p->x = 0.'
[0]  /src/geometry.h: 'p->y = 0.'
[0]  /src/geometry.h: '0.'
[0]  /src/geometry.h: '0.5'
[0]  /src/geometry.h: '1.'
[0]  /src/geometry.h: '1.'
[0]  /src/geometry.h: '1.'
[0]  /src/geometry.h: '1.'
[0]  /src/geometry.h: '1.'
[0]  /src/geometry.h: '0.'
[0]  /src/geometry.h: '1.'
[0]  /src/geometry.h: '0.'
[0]  /src/geometry.h: '1.'
[0]  /src/geometry.h: '0.5'
[0]  /src/heights.h: '-20./2.'
[0]  /src/heights.h: '20.'
[0]  /src/heights.h: '20./2.'
[0]  /src/heights.h: '300.'
[0]  /src/heights.h: 'state.h = 1e30f'
[0]  /src/heights.h: '20./2.'
[0]  /src/heights.h: '0.'
[0]  /src/heights.h: '1.'
[0]  /src/heights.h: '0.'
[0]  /src/heights.h: '1.'
[0]  /src/heights.h: '0.'
[0]  /src/heights.h: '1.'
[0]  /src/heights.h: '0.5'
[0]  /src/heights.h: '0.'
[0]  /src/heights.h: '1.'
[0]  /src/heights.h: '0.5'
[0]  /src/heights.h: '0.'
[0]  /src/heights.h: '1.'
[0]  /src/heights.h: '0.'
[0]  /src/heights.h: '1.'
[0]  /src/heights.h: 'h.x[] = 300.'
[0]  /src/heights.h: 'h.y[] = 300.'
[0]  /src/heights.h: '1.'
[0]  /src/heights.h: 'h.x[] = 1e30f'
[0]  /src/heights.h: 'h.y[] = 1e30f'
[0]  /src/heights.h: '1e10'
[0]  /src/heights.h: '1e30f'
[0]  /src/heights.h: '3.5'
[0]  /src/heights.h: 'h.x[] = 1e30f'
[0]  /src/heights.h: 'h.y[] = 1e30f'
[0]  /src/iforce.h: '0.'
[0]  /src/iforce.h: '1.'
[0]  /src/iforce.h: '0.'
[0]  /src/iforce.h: '0.'
[0]  /src/myc2d.h: '0.'
[0]  /src/myc2d.h: '1.'
[0]  /src/myc2d.h: '0.'
[0]  /src/myc2d.h: '1.'
[0]  /src/myc2d.h: '1e-30'
[0]  /src/myc2d.h: '1e-30'
[0]  /src/poisson.h: '1.2'
[0]  /src/poisson.h: '10'
[0]  /src/two-phase-generic.h: '0.'
[0]  /src/two-phase-generic.h: '1.'
[0]  /src/two-phase-generic.h: '0.'
[0]  /src/two-phase-generic.h: '1.'
[0]  /src/two-phase-generic.h: '0.'
[0]  /src/two-phase-generic.h: '1.'
[0]  /src/viscosity.h: '1.'
[0]  /src/viscosity.h: '1.'
[0]  /src/vof.h: 'cmin = 0.5'
[0]  /src/vof.h: '1.'
[0]  /src/vof.h: '0.5'
[0]  /src/vof.h: 'CFL = 0.5'
[0]  /src/vof.h: 'cfl = 0.'
[0]  /src/vof.h: '0'
[0]  /src/vof.h: '1.'
[0]  /src/vof.h: '0.'
[0]  /src/vof.h: '0.'
[0]  /src/vof.h: '0.'
[0]  /src/vof.h: '1.'
[0]  /src/vof.h: '0.5'
[0]  /src/vof.h: '0.5'
[0]  /src/vof.h: '1.'
[0]  /src/vof.h: '1e-10'
[0]  /src/vof.h: '1.'
[0]  /src/vof.h: '0.5 + 1e-6'
[0]  /src/vof.h: '0.5'
[0]  /src/vof.h: '0.5'
[0]  /src/vof.h: '0.5'
[0]  /src/vof.h: '1.'
[0]  /src/vof.h: '0.5'
[0]  ./stokes.h: '1.'
[0]  ./stokes.h: '3.'
[0]  ./stokes.h: '1.'
[0]  ./stokes.h: '1.'
[0]  ./stokes.h: '1.'
[0]  ./stokes.h: '1.'
[0]  ./stokes.h: '1.'
[0]  ./stokes.h: '3.'
[0]  ./stokes.h: '13.'
[0]  ./stokes.h: '1.'
[0]  ./stokes.h: '1.'
[0]  ./stokes.h: '1.'
[0]  ./stokes.h: '1.'
[0]  ./stokes.h: '3.'
[0]  ./stokes.h: '13.'
[0]  stokes-ns.c: 'ak = 0.35'
[0]  stokes-ns.c: 'rho1 = 1. [0]'
[0]  stokes-ns.c: '1./850.'
[0]  stokes-ns.c: '0.01'
[0]  stokes-ns.c: '0.01'
[1]  /src/common.h: 'L0 = 1. [1]'
[1]  /src/fractions.h: '0.'
[1]  /src/fractions.h: '0'
[1]  /src/reduced.h: '0.'
[1]  /src/vof.h: '0.'
[1]  stokes-ns.c: 'h_ = 0.5'
[-1]  stokes-ns.c: 'k_ = 2.*3.14159265358979'
[0,1]  ast/interpreter/overload.h: '1e30'
[0,1]  ast/interpreter/overload.h: '1e30'
[0,1]  /src/grid/events.h: 'TEND_EVENT = 1234567890'
[0,1]  /src/grid/events.h: 'ev->t = 0'
[0,1]  /src/run.h: 't = 0.'
[0,1]  /src/run.h: '0'
[0,1]  /src/timestep.h: 'previous = 0.'
[0,1]  /src/timestep.h: '0.'
[0,1]  /src/timestep.h: 'previous = 0.'
[0,1]  stokes-ns.c: 'DT = 1e-2 [0,1]'
[0,1]  stokes-ns.c: '0'
[0,-1]  /src/vof.h: '0.'
[2]  /src/fractions.h: '0.'
[-2]  /src/poisson.h: '0.'
[0,-2]  /src/grid/multigrid-common.h: 'sum = 0.'
[0,-2]  /src/poisson.h: 'sum = 0.'
[0,-2]  /src/poisson.h: 'maxres = 0.'
[3]  stokes-ns.c: 'gpe = 0.'
[1,-1]  ast/interpreter/overload.h: 'u.x[] = 0.'
[1,-1]  ast/interpreter/overload.h: 'u.y[] = 0.'
[1,-1]  /src/grid/multigrid-common.h: 'sum = 0.'
[1,-1]  /src/navier-stokes/conserving.h: 'rhou = 0.'
[1,-1]  /src/navier-stokes/conserving.h: 'rhou = 0.'
[1,-1]  /src/poisson.h: 's[] = 0.'
[1,-1]  /src/poisson.h: 'sum = 0.'
[1,-1]  /src/poisson.h: 'div[] = 0.'
[1,-1]  /src/timestep.h: '0.'
[1,-1]  /src/viscosity.h: 'maxres = 0.'
[1,-1]  /src/vof.h: '0.'
[1,-1]  /src/vof.h: '0.'
[1,-1]  stokes-ns.c: 'uemax = 0.005'
[1,-2]  ast/interpreter/overload.h: 'g.x[] = 0.'
[1,-2]  ast/interpreter/overload.h: 'g.y[] = 0.'
[1,-2]  /src/navier-stokes/centered.h: 'af.x[] = 0.'
[1,-2]  /src/navier-stokes/centered.h: 'af.y[] = 0.'
[1,-2]  /src/iforce.h: 'a.x[] = 0.'
[1,-2]  /src/iforce.h: 'a.y[] = 0.'
[1,-2]  /src/reduced.h: '0.'
[1,-2]  stokes-ns.c: 'g_ = 1.'
[-2,1]  stokes-ns.c: 'RE = 40000.'
[2,-2]  ast/interpreter/overload.h: 'p[] = 0.'
[2,-2]  /src/curvature.h: '1e30f'
[2,-2]  /src/curvature.h: 'pos = 0.'
[2,-2]  /src/curvature.h: '1e30f'
[2,-2]  /src/curvature.h: '1e30f'
[2,-2]  /src/curvature.h: 'hp = 0.'
[2,-2]  /src/curvature.h: 'pos[] = 1e30f'
[2,-2]  /src/iforce.h: '1e30f'
[2,-2]  /src/iforce.h: '1e30f'
[2,-2]  /src/iforce.h: '1e30f'
[2,-2]  /src/iforce.h: '0.'
[2,-2]  /src/poisson.h: 's[] = 0.'
[2,-2]  /src/viscosity.h: 'd = 0.'
[2,-2]  /src/vof.h: 'tflux[] = 0.'
[2,-2]  stokes-ns.c: 'norm2 = 0.'
[4,-2]  stokes-ns.c: 'ke = 0.'
[4,-2]  stokes-ns.c: '0.125'
