[0]  /src/navier-stokes/centered.h: 'CFL = 0.8'
[0]  /src/navier-stokes/centered.h: '0'
[0]  /src/navier-stokes/centered.h: '1.'
[0]  /src/navier-stokes/centered.h: '1.'
[0]  /src/navier-stokes/centered.h: '0.'
[0]  /src/bcg.h: '0'
[0]  /src/bcg.h: '1.'
[0]  /src/bcg.h: '1.'
[0]  /src/common.h: '1.[0]'
[0]  /src/common.h: '1.[0]'
[0]  /src/poisson.h: '1.2'
[0]  /src/poisson.h: '10'
[0]  /src/poisson.h: '1.'
[0]  /src/utils.h: '0.'
[0]  vortex.c: '1.[0]'
[1]  /src/bcg.h: '0.'
[1]  /src/common.h: 'L0 = 1. [1]'
[1]  vortex.c: '0.5'
[1]  vortex.c: 'dd = 0.1'
[-1]  vortex.c: 'a = 10.'
[0,1]  ast/interpreter/overload.h: '1e30'
[0,1]  ast/interpreter/overload.h: '1e30'
[0,1]  /src/grid/events.h: 'TEND_EVENT = 1234567890'
[0,1]  /src/grid/events.h: 'ev->t = 0'
[0,1]  /src/run.h: 't = 0.'
[0,1]  /src/run.h: '0'
[0,1]  /src/timestep.h: 'previous = 0.'
[0,1]  /src/timestep.h: '0.'
[0,1]  /src/timestep.h: 'previous = 0.'
[0,1]  /src/utils.h: 'DT = 1e30f [0,1]'
[0,1]  vortex.c: '0'
[0,1]  vortex.c: 't = 0'
[0,1]  vortex.c: '0'
[0,1]  vortex.c: '1'
[0,1]  vortex.c: '30'
[0,1]  vortex.c: '0'
[0,1]  vortex.c: '0.2'
[0,1]  vortex.c: '30'
[0,1]  vortex.c: '0'
[0,1]  vortex.c: '5'
[0,-1]  /src/grid/multigrid-common.h: 'sum = 0.'
[0,-1]  /src/poisson.h: 'sum = 0.'
[0,-1]  /src/poisson.h: 'maxres = 0.'
[0,-1]  /src/utils.h: 'max = -1e100'
[0,-1]  /src/utils.h: 'min = 1e100'
[0,-1]  /src/utils.h: '1e30f'
[0,-1]  /src/utils.h: '0.'
[0,-1]  vortex.c: 'omega0 = 1.[0,-1]'
[2]  /src/utils.h: 'volume = 0.'
[2]  /src/utils.h: '0.'
[2]  /src/utils.h: '0.'
[-2]  /src/poisson.h: '0.'
[0,-2]  /src/grid/multigrid-common.h: 'sum = 0.'
[0,-2]  /src/poisson.h: 'sum = 0.'
[0,-2]  /src/poisson.h: 'maxres = 0.'
[1,-1]  ast/interpreter/overload.h: 'u.x[] = 0.'
[1,-1]  ast/interpreter/overload.h: 'u.y[] = 0.'
[1,-1]  /src/navier-stokes/centered.h: '0.'
[1,-1]  /src/bcg.h: '0.'
[1,-1]  /src/poisson.h: 'div[] = 0.'
[1,-1]  /src/timestep.h: '0.'
[1,-1]  vortex.c: '0.'
[1,-1]  vortex.c: '0.'
[1,-1]  vortex.c: '0.'
[1,-1]  vortex.c: '0.'
[1,-1]  vortex.c: '5e-5'
[2,-1]  /src/poisson.h: 's[] = 0.'
[2,-1]  /src/utils.h: 'sum = 0.'
[2,-1]  vortex.c: '0'
[2,-1]  vortex.c: '0'
[2,-1]  vortex.c: '0'
[2,-1]  vortex.c: '0'
[2,-1]  vortex.c: 'psi[] = 0.'
[1,-2]  ast/interpreter/overload.h: 'g.x[] = 0.'
[1,-2]  ast/interpreter/overload.h: 'g.y[] = 0.'
[1,-2]  /src/navier-stokes/centered.h: '0.'
[1,-2]  /src/common.h: '0.'
[2,-2]  ast/interpreter/overload.h: 'p[] = 0.'
[2,-2]  ast/interpreter/overload.h: 'pf[] = 0.'
[2,-2]  /src/poisson.h: 's[] = 0.'
[2,-2]  /src/utils.h: 'sum2 = 0.'
[2,-2]  /src/utils.h: '0.'
